[2025-04-20 11:58:39,511][misc.tacto.renderer][INFO] - Loading configuration from: /home/setemad/AcTExplore/misc/tacto/config_digit.yml
[2025-04-20 11:58:39,789][pybulletX._wrapper][INFO] - Calling pybullet.setGravity(gravX=0, gravY=0, gravZ=-9.81, physicsClientId=0)
[2025-04-20 11:59:26,072][misc.tacto.renderer][INFO] - Loading configuration from: /home/setemad/AcTExplore/misc/tacto/config_digit.yml
[2025-04-20 11:59:26,329][pybulletX._wrapper][INFO] - Calling pybullet.setGravity(gravX=0, gravY=0, gravZ=-9.81, physicsClientId=0)
[2025-04-20 13:01:05,022][misc.tacto.renderer][INFO] - Loading configuration from: /home/setemad/AcTExplore/misc/tacto/config_digit.yml
[2025-04-20 13:01:05,274][pybulletX._wrapper][INFO] - Calling pybullet.setGravity(gravX=0, gravY=0, gravZ=-9.81, physicsClientId=0)
[2025-04-20 13:01:36,079][misc.tacto.renderer][INFO] - Loading configuration from: /home/setemad/AcTExplore/misc/tacto/config_digit.yml
[2025-04-20 13:01:36,326][pybulletX._wrapper][INFO] - Calling pybullet.setGravity(gravX=0, gravY=0, gravZ=-9.81, physicsClientId=0)
[2025-04-20 13:02:16,827][misc.tacto.renderer][INFO] - Loading configuration from: /home/setemad/AcTExplore/misc/tacto/config_digit.yml
[2025-04-20 13:02:17,091][pybulletX._wrapper][INFO] - Calling pybullet.setGravity(gravX=0, gravY=0, gravZ=-9.81, physicsClientId=0)
[2025-04-20 13:03:08,744][misc.tacto.renderer][INFO] - Loading configuration from: /home/setemad/AcTExplore/misc/tacto/config_digit.yml
[2025-04-20 13:03:09,015][pybulletX._wrapper][INFO] - Calling pybullet.setGravity(gravX=0, gravY=0, gravZ=-9.81, physicsClientId=0)
[2025-04-20 13:26:50,833][misc.tacto.renderer][INFO] - Loading configuration from: /home/setemad/AcTExplore/misc/tacto/config_digit.yml
[2025-04-20 13:26:51,073][pybulletX._wrapper][INFO] - Calling pybullet.setGravity(gravX=0, gravY=0, gravZ=-9.81, physicsClientId=0)
[2025-04-20 13:31:12,531][misc.tacto.renderer][INFO] - Loading configuration from: /home/setemad/AcTExplore/misc/tacto/config_digit.yml
[2025-04-20 13:31:12,778][pybulletX._wrapper][INFO] - Calling pybullet.setGravity(gravX=0, gravY=0, gravZ=-9.81, physicsClientId=0)
[2025-04-20 13:31:19,481][misc.tacto.renderer][INFO] - Loading configuration from: /home/setemad/AcTExplore/misc/tacto/config_digit.yml
